============================================================
Type     : Json.load
key      : debug
value    : debug_print
Data     : 0
============================================================
============================================================
Type     : Json.load
key      : debug
value    : debug_print
Data     : 0
============================================================
============================================================
Type     : Json.load
key      : debug
value    : debug_print
Data     : 0
============================================================
============================================================
Type     : Json.load
key      : debug
value    : debug_print
Data     : 0
============================================================
============================================================
Type     : Json.load
key      : debug
value    : debug_print
Data     : 0
============================================================
============================================================
Type     : Json.load
key      : Bound_nucleus
value    : Bound_nucleus_type_1
Data     : 
============================================================
============================================================
Type     : Json.load
key      : Bound_nucleus
value    : Bound_nucleus_type_2
Data     : 
============================================================
============================================================
Type     : Json.load
key      : Bound_nucleus
value    : Bound_nucleus_type_2
Data     : 
============================================================
============================================================
Type     : Json.load
key      : Bound_nucleus
value    : Bound_nucleus_type_3
Data     : 
============================================================
============================================================
Type     : Json.load
key      : Bound_nucleus
value    : Bound_nucleus_type_1
Data     : 
============================================================
============================================================
Type     : Json.load
key      : Bound_nucleus
value    : Bound_nucleus_type_3
Data     : 
============================================================
============================================================
Type     : Json.load
key      : DiskInfo
value    : nvme_info
Data     : 
============================================================
============================================================
Time      : 2026-01-13-16-07-33Type      : dprint
Text      : Config json File check Success!
============================================================
============================================================
Type     : Json.load
key      : debug
value    : natt_Double_opening
Data     : 0
============================================================
============================================================
Type    : subprocess.Popen
Command : ps -aux | grep -iE "fio|iostat" | grep -v grep | grep filename | wc -l
RunTime : 2026-01-13-16-07-33
Result  : 
0
============================================================
============================================================
Type    : subprocess.Popen
Command : ls /tmp/ | grep natt | wc -l
RunTime : 2026-01-13-16-07-33
Result  : 
0
============================================================
============================================================
Type    : subprocess.Popen
Command : ls /tmp/ | grep natt | wc -l
RunTime : 2026-01-13-16-07-33
Result  : 
0
============================================================
============================================================
Type    : subprocess.Popen
Command : ls -al /opt/natt/cmd.log  | awk '{{print $5}}'
RunTime : 2026-01-13-16-07-33
Result  : 

============================================================
============================================================
Type     : Json.load
key      : debug
value    : debug_print
Data     : 0
============================================================
============================================================
Type     : Json.load
key      : debug
value    : debug_print
Data     : 0
============================================================
============================================================
Type     : Json.load
key      : debug
value    : debug_print
Data     : 0
============================================================
============================================================
Type     : Json.load
key      : Bound_nucleus
value    : Bound_nucleus_type_1
Data     : 
============================================================
============================================================
Type     : Json.load
key      : Bound_nucleus
value    : Bound_nucleus_type_2
Data     : 
============================================================
============================================================
Type     : Json.load
key      : Bound_nucleus
value    : Bound_nucleus_type_2
Data     : 
============================================================
============================================================
Type     : Json.load
key      : Bound_nucleus
value    : Bound_nucleus_type_3
Data     : 
============================================================
============================================================
Type     : Json.load
key      : Bound_nucleus
value    : Bound_nucleus_type_1
Data     : 
============================================================
============================================================
Type     : Json.load
key      : Bound_nucleus
value    : Bound_nucleus_type_3
Data     : 
============================================================
============================================================
Type     : Json.load
key      : DiskInfo
value    : nvme_info
Data     : 
============================================================
============================================================
Time      : 2026-01-13-16-08-17Type      : dprint
Text      : Config json File check Success!
============================================================
============================================================
Type     : Json.load
key      : debug
value    : natt_Double_opening
Data     : 0
============================================================
============================================================
Type    : subprocess.Popen
Command : ps -aux | grep -iE "fio|iostat" | grep -v grep | grep filename | wc -l
RunTime : 2026-01-13-16-08-17
Result  : 
0
============================================================
============================================================
Type    : subprocess.Popen
Command : ls /tmp/ | grep natt | wc -l
RunTime : 2026-01-13-16-08-17
Result  : 
0
============================================================
============================================================
Type    : subprocess.Popen
Command : ls /tmp/ | grep natt | wc -l
RunTime : 2026-01-13-16-08-17
Result  : 
0
============================================================
============================================================
Type    : subprocess.Popen
Command : ls -al /opt/natt/cmd.log  | awk '{{print $5}}'
RunTime : 2026-01-13-16-08-17
Result  : 

============================================================
============================================================
Type     : Json.load
key      : debug
value    : debug_print
Data     : 0
============================================================
============================================================
Type     : Json.load
key      : debug
value    : debug_print
Data     : 0
============================================================
============================================================
Type     : Json.load
key      : debug
value    : debug_print
Data     : 0
============================================================
============================================================
Type     : Json.load
key      : Bound_nucleus
value    : Bound_nucleus_type_1
Data     : 
============================================================
============================================================
Type     : Json.load
key      : Bound_nucleus
value    : Bound_nucleus_type_2
Data     : 
============================================================
============================================================
Type     : Json.load
key      : Bound_nucleus
value    : Bound_nucleus_type_2
Data     : 
============================================================
============================================================
Type     : Json.load
key      : Bound_nucleus
value    : Bound_nucleus_type_3
Data     : 
============================================================
============================================================
Type     : Json.load
key      : Bound_nucleus
value    : Bound_nucleus_type_1
Data     : 
============================================================
============================================================
Type     : Json.load
key      : Bound_nucleus
value    : Bound_nucleus_type_3
Data     : 
============================================================
============================================================
Type     : Json.load
key      : DiskInfo
value    : nvme_info
Data     : 
============================================================
============================================================
Time      : 2026-01-13-16-08-40Type      : dprint
Text      : Config json File check Success!
============================================================
============================================================
Type     : Json.load
key      : debug
value    : natt_Double_opening
Data     : 0
============================================================
============================================================
Type    : subprocess.Popen
Command : ps -aux | grep -iE "fio|iostat" | grep -v grep | grep filename | wc -l
RunTime : 2026-01-13-16-08-40
Result  : 
0
============================================================
============================================================
Type    : subprocess.Popen
Command : ls /tmp/ | grep natt | wc -l
RunTime : 2026-01-13-16-08-40
Result  : 
0
============================================================
============================================================
Type    : subprocess.Popen
Command : ls /tmp/ | grep natt | wc -l
RunTime : 2026-01-13-16-08-40
Result  : 
0
============================================================
============================================================
Type    : subprocess.Popen
Command : ls -al /opt/natt/cmd.log  | awk '{{print $5}}'
RunTime : 2026-01-13-16-08-40
Result  : 

============================================================
============================================================
Type    : subprocess.run
Command : echo 3 > /proc/sys/vm/drop_caches
RunTime : 2026-01-13-16-08-40
============================================================
============================================================
Type    : subprocess.run
Command : sync
RunTime : 2026-01-13-16-08-41
============================================================
============================================================
Type     : Json.load
key      : Version
value    : natt_version
Data     : 1.1.3
============================================================
============================================================
Type    : subprocess.Popen
Command : cat /etc/system-release
RunTime : 2026-01-13-16-08-42
Result  : 
Kylin Linux Advanced Server release V11 (Swan25)
============================================================
============================================================
Type    : subprocess.Popen
Command : ipmitool lan print | grep -i 'ip address' | grep -vi source | awk '{{print $4}}'
RunTime : 2026-01-13-16-08-42
Result  : 
192.168.60.148
============================================================
============================================================
Type    : subprocess.Popen
Command : hostname -I
RunTime : 2026-01-13-16-08-42
Result  : 
192.168.60.67 192.168.122.1 2001:db8:1:0:1a9b:a5ff:fe82:5572 
============================================================
============================================================
Time      : 2026-01-13-16-08-42Type      : dprint
Text      : System name            : Kylin Linux Advanced Server release V11 (Swan25)
============================================================
============================================================
Time      : 2026-01-13-16-08-42Type      : dprint
Text      : System version         : Kylin Linux Advanced Server release V11 (Swan25)
============================================================
============================================================
Time      : 2026-01-13-16-08-42Type      : dprint
Text      : System release         : Linux-6.6.0-32.7.v2505.ky11.aarch64-aarch64-with-glibc2.38
============================================================
============================================================
Time      : 2026-01-13-16-08-42Type      : dprint
Text      : System architecture    : aarch64
============================================================
============================================================
Time      : 2026-01-13-16-08-42Type      : dprint
Text      : BMC IP                 : 192.168.60.148
============================================================
============================================================
Time      : 2026-01-13-16-08-42Type      : dprint
Text      : SYS IP                 : 192.168.60.67
============================================================
============================================================
Time      : 2026-01-13-16-08-42Type      : dprint
Text      : =========================================================
============================================================
============================================================
Type     : Json.load
key      : debug
value    : debug_print
Data     : 0
============================================================
============================================================
Type     : Json.load
key      : debug
value    : debug_print
Data     : 0
============================================================
============================================================
Type     : Json.load
key      : debug
value    : debug_print
Data     : 0
============================================================
============================================================
Type     : Json.load
key      : Bound_nucleus
value    : Bound_nucleus_type_1
Data     : 
============================================================
============================================================
Type     : Json.load
key      : Bound_nucleus
value    : Bound_nucleus_type_2
Data     : 
============================================================
============================================================
Type     : Json.load
key      : Bound_nucleus
value    : Bound_nucleus_type_2
Data     : 
============================================================
============================================================
Type     : Json.load
key      : Bound_nucleus
value    : Bound_nucleus_type_3
Data     : 
============================================================
============================================================
Type     : Json.load
key      : Bound_nucleus
value    : Bound_nucleus_type_1
Data     : 
============================================================
============================================================
Type     : Json.load
key      : Bound_nucleus
value    : Bound_nucleus_type_3
Data     : 
============================================================
============================================================
Type     : Json.load
key      : DiskInfo
value    : nvme_info
Data     : 
============================================================
============================================================
Time      : 2026-01-13-16-08-55Type      : dprint
Text      : Config json File check Success!
============================================================
============================================================
Type     : Json.load
key      : debug
value    : natt_Double_opening
Data     : 0
============================================================
============================================================
Type    : subprocess.Popen
Command : ps -aux | grep -iE "fio|iostat" | grep -v grep | grep filename | wc -l
RunTime : 2026-01-13-16-08-55
Result  : 
0
============================================================
============================================================
Type    : subprocess.Popen
Command : ls /tmp/ | grep natt | wc -l
RunTime : 2026-01-13-16-08-56
Result  : 
0
============================================================
============================================================
Type    : subprocess.Popen
Command : ls /tmp/ | grep natt | wc -l
RunTime : 2026-01-13-16-08-56
Result  : 
0
============================================================
============================================================
Type    : subprocess.Popen
Command : ls -al /opt/natt/cmd.log 2>/dev/null | awk '{{print $5}}'
RunTime : 2026-01-13-16-08-56
Result  : 

============================================================
============================================================
Type    : subprocess.run
Command : echo 3 > /proc/sys/vm/drop_caches
RunTime : 2026-01-13-16-08-56
============================================================
============================================================
Type    : subprocess.run
Command : sync
RunTime : 2026-01-13-16-08-56
============================================================
============================================================
Type     : Json.load
key      : Version
value    : natt_version
Data     : 1.1.3
============================================================
============================================================
Type    : subprocess.Popen
Command : cat /etc/system-release
RunTime : 2026-01-13-16-08-56
Result  : 
Kylin Linux Advanced Server release V11 (Swan25)
============================================================
============================================================
Type    : subprocess.Popen
Command : ipmitool lan print | grep -i 'ip address' | grep -vi source | awk '{{print $4}}'
RunTime : 2026-01-13-16-08-56
Result  : 
192.168.60.148
============================================================
============================================================
Type    : subprocess.Popen
Command : hostname -I
RunTime : 2026-01-13-16-08-57
Result  : 
192.168.60.67 192.168.122.1 2001:db8:1:0:1a9b:a5ff:fe82:5572 
============================================================
============================================================
Time      : 2026-01-13-16-08-57Type      : dprint
Text      : System name            : Kylin Linux Advanced Server release V11 (Swan25)
============================================================
============================================================
Time      : 2026-01-13-16-08-57Type      : dprint
Text      : System version         : Kylin Linux Advanced Server release V11 (Swan25)
============================================================
============================================================
Time      : 2026-01-13-16-08-57Type      : dprint
Text      : System release         : Linux-6.6.0-32.7.v2505.ky11.aarch64-aarch64-with-glibc2.38
============================================================
============================================================
Time      : 2026-01-13-16-08-57Type      : dprint
Text      : System architecture    : aarch64
============================================================
============================================================
Time      : 2026-01-13-16-08-57Type      : dprint
Text      : BMC IP                 : 192.168.60.148
============================================================
============================================================
Time      : 2026-01-13-16-08-57Type      : dprint
Text      : SYS IP                 : 192.168.60.67
============================================================
============================================================
Time      : 2026-01-13-16-08-57Type      : dprint
Text      : =========================================================
============================================================
============================================================
Type     : Json.load
key      : debug
value    : debug_print
Data     : 0
============================================================
============================================================
Type     : Json.load
key      : debug
value    : debug_print
Data     : 0
============================================================
============================================================
Type     : Json.load
key      : debug
value    : debug_print
Data     : 0
============================================================
============================================================
Type     : Json.load
key      : Bound_nucleus
value    : Bound_nucleus_type_1
Data     : 
============================================================
============================================================
Type     : Json.load
key      : Bound_nucleus
value    : Bound_nucleus_type_2
Data     : 
============================================================
============================================================
Type     : Json.load
key      : Bound_nucleus
value    : Bound_nucleus_type_2
Data     : 
============================================================
============================================================
Type     : Json.load
key      : Bound_nucleus
value    : Bound_nucleus_type_3
Data     : 
============================================================
============================================================
Type     : Json.load
key      : Bound_nucleus
value    : Bound_nucleus_type_1
Data     : 
============================================================
============================================================
Type     : Json.load
key      : Bound_nucleus
value    : Bound_nucleus_type_3
Data     : 
============================================================
============================================================
Type     : Json.load
key      : DiskInfo
value    : nvme_info
Data     : 
============================================================
============================================================
Time      : 2026-01-13-16-10-50Type      : dprint
Text      : Config json File check Success!
============================================================
============================================================
Type     : Json.load
key      : debug
value    : natt_Double_opening
Data     : 0
============================================================
============================================================
Type    : subprocess.Popen
Command : ps -aux | grep -iE "fio|iostat" | grep -v grep | grep filename | wc -l
RunTime : 2026-01-13-16-10-50
Result  : 
0
============================================================
============================================================
Type    : subprocess.Popen
Command : ls /tmp/ | grep natt | wc -l
RunTime : 2026-01-13-16-10-50
Result  : 
0
============================================================
============================================================
Type    : subprocess.Popen
Command : ls /tmp/ | grep natt | wc -l
RunTime : 2026-01-13-16-10-50
Result  : 
0
============================================================
============================================================
Type    : subprocess.Popen
Command : ls -al /opt/natt/cmd.log 2>/dev/null | awk '{{print $5}}'
RunTime : 2026-01-13-16-10-50
Result  : 

============================================================
============================================================
Type    : subprocess.run
Command : echo 3 > /proc/sys/vm/drop_caches
RunTime : 2026-01-13-16-10-50
============================================================
============================================================
Type    : subprocess.run
Command : sync
RunTime : 2026-01-13-16-10-50
============================================================
============================================================
Type     : Json.load
key      : Version
value    : natt_version
Data     : 1.1.3
============================================================
============================================================
Type    : subprocess.Popen
Command : cat /etc/system-release
RunTime : 2026-01-13-16-10-51
Result  : 
Kylin Linux Advanced Server release V11 (Swan25)
============================================================
============================================================
Type    : subprocess.Popen
Command : ipmitool lan print | grep -i 'ip address' | grep -vi source | awk '{{print $4}}'
RunTime : 2026-01-13-16-10-51
Result  : 
192.168.60.148
============================================================
============================================================
Type    : subprocess.Popen
Command : hostname -I
RunTime : 2026-01-13-16-10-51
Result  : 
192.168.60.67 192.168.122.1 2001:db8:1:0:1a9b:a5ff:fe82:5572 
============================================================
============================================================
Time      : 2026-01-13-16-10-51Type      : dprint
Text      : System name            : Kylin Linux Advanced Server release V11 (Swan25)
============================================================
============================================================
Time      : 2026-01-13-16-10-51Type      : dprint
Text      : System version         : Kylin Linux Advanced Server release V11 (Swan25)
============================================================
============================================================
Time      : 2026-01-13-16-10-51Type      : dprint
Text      : System release         : Linux-6.6.0-32.7.v2505.ky11.aarch64-aarch64-with-glibc2.38
============================================================
============================================================
Time      : 2026-01-13-16-10-51Type      : dprint
Text      : System architecture    : aarch64
============================================================
============================================================
Time      : 2026-01-13-16-10-51Type      : dprint
Text      : BMC IP                 : 192.168.60.148
============================================================
============================================================
Time      : 2026-01-13-16-10-51Type      : dprint
Text      : SYS IP                 : 192.168.60.67
============================================================
============================================================
Time      : 2026-01-13-16-10-51Type      : dprint
Text      : =========================================================
============================================================
============================================================
Type     : Json.load
key      : debug
value    : debug_print
Data     : 0
============================================================
============================================================
Type     : Json.load
key      : debug
value    : debug_print
Data     : 0
============================================================
============================================================
Type     : Json.load
key      : debug
value    : debug_print
Data     : 0
============================================================
============================================================
Type     : Json.load
key      : Bound_nucleus
value    : Bound_nucleus_type_1
Data     : 
============================================================
============================================================
Type     : Json.load
key      : Bound_nucleus
value    : Bound_nucleus_type_2
Data     : 
============================================================
============================================================
Type     : Json.load
key      : Bound_nucleus
value    : Bound_nucleus_type_2
Data     : 
============================================================
============================================================
Type     : Json.load
key      : Bound_nucleus
value    : Bound_nucleus_type_3
Data     : 
============================================================
============================================================
Type     : Json.load
key      : Bound_nucleus
value    : Bound_nucleus_type_1
Data     : 
============================================================
============================================================
Type     : Json.load
key      : Bound_nucleus
value    : Bound_nucleus_type_3
Data     : 
============================================================
============================================================
Type     : Json.load
key      : DiskInfo
value    : nvme_info
Data     : 
============================================================
============================================================
Time      : 2026-01-13-16-11-08Type      : dprint
Text      : Config json File check Success!
============================================================
============================================================
Type     : Json.load
key      : debug
value    : natt_Double_opening
Data     : 0
============================================================
============================================================
Type    : subprocess.Popen
Command : ps -aux | grep -iE "fio|iostat" | grep -v grep | grep filename | wc -l
RunTime : 2026-01-13-16-11-08
Result  : 
0
============================================================
============================================================
Type    : subprocess.Popen
Command : ls /tmp/ | grep natt | wc -l
RunTime : 2026-01-13-16-11-08
Result  : 
0
============================================================
============================================================
Type    : subprocess.Popen
Command : ls /tmp/ | grep natt | wc -l
RunTime : 2026-01-13-16-11-08
Result  : 
0
============================================================
============================================================
Type    : subprocess.Popen
Command : ls -al /opt/natt/cmd.log 2>/dev/null | awk '{{print $5}}'
RunTime : 2026-01-13-16-11-08
Result  : 

============================================================
============================================================
Type    : subprocess.run
Command : echo 3 > /proc/sys/vm/drop_caches
RunTime : 2026-01-13-16-11-08
============================================================
============================================================
Type    : subprocess.run
Command : sync
RunTime : 2026-01-13-16-11-08
============================================================
============================================================
Type     : Json.load
key      : Version
value    : natt_version
Data     : 1.1.3
============================================================
============================================================
Type    : subprocess.Popen
Command : cat /etc/system-release
RunTime : 2026-01-13-16-11-09
Result  : 
Kylin Linux Advanced Server release V11 (Swan25)
============================================================
============================================================
Type    : subprocess.Popen
Command : ipmitool lan print | grep -i 'ip address' | grep -vi source | awk '{{print $4}}'
RunTime : 2026-01-13-16-11-09
Result  : 
192.168.60.148
============================================================
============================================================
Type    : subprocess.Popen
Command : hostname -I
RunTime : 2026-01-13-16-11-10
Result  : 
192.168.60.67 192.168.122.1 2001:db8:1:0:1a9b:a5ff:fe82:5572 
============================================================
============================================================
Time      : 2026-01-13-16-11-10Type      : dprint
Text      : System name            : Kylin Linux Advanced Server release V11 (Swan25)
============================================================
============================================================
Time      : 2026-01-13-16-11-10Type      : dprint
Text      : System version         : Kylin Linux Advanced Server release V11 (Swan25)
============================================================
============================================================
Time      : 2026-01-13-16-11-10Type      : dprint
Text      : System release         : Linux-6.6.0-32.7.v2505.ky11.aarch64-aarch64-with-glibc2.38
============================================================
============================================================
Time      : 2026-01-13-16-11-10Type      : dprint
Text      : System architecture    : aarch64
============================================================
============================================================
Time      : 2026-01-13-16-11-10Type      : dprint
Text      : BMC IP                 : 192.168.60.148
============================================================
============================================================
Time      : 2026-01-13-16-11-10Type      : dprint
Text      : SYS IP                 : 192.168.60.67
============================================================
============================================================
Time      : 2026-01-13-16-11-10Type      : dprint
Text      : =========================================================
============================================================
============================================================
Time     : 2026-01-13-16-11-18Type     : User.Input
Text     : <natt> 
Result   : start
============================================================
============================================================
Type    : subprocess.Popen
Command : numactl -H | grep free | awk '{{print $4}}'
RunTime : 2026-01-13-16-11-18
Result  : 
6349463948315126395863891638406382462176
============================================================
============================================================
Type    : subprocess.Popen
Command : nvme list-subsys | grep +- | awk '{print $2,$4}'
RunTime : 2026-01-13-16-11-18
Result  : 

============================================================
============================================================
Time      : 2026-01-13-16-11-18Type      : dprint
Text      : Check Nvme disk memory Success!
============================================================
============================================================
Time     : 2026-01-13-16-11-19Type     : User.Input
Text     : <natt>  Please select the testing model (Echo_numg:1) : 
Result   : 1
============================================================
============================================================
Time     : 2026-01-13-16-11-21Type     : User.Input
Text     : <natt>  Now Currently only supported (nvme/sata/all) : 
Result   : sata
============================================================
============================================================
Type    : subprocess.Popen
Command : ls /root
RunTime : 2026-01-13-16-11-21
Result  : 
anaconda-ks.cfgDesktopDocumentsDownloadsinitial-setup-ks.cfgMusicPicturespowercyclePublicrebootsost_old_folderTemplatesVideos
============================================================
============================================================
Type    : subprocess.run
Command : mkdir /root/natt_log_16-11-21
RunTime : 2026-01-13-16-11-21
============================================================
============================================================
Type    : subprocess.run
Command : mkdir -p /root/natt_log_16-11-21/debug
RunTime : 2026-01-13-16-11-21
============================================================
============================================================
Type    : subprocess.Popen
Command : mount | grep nvme.* | grep -v cgr | sed 's/\/dev\///g' | sed '2,$d' | awk '{print $1}'
RunTime : 2026-01-13-16-11-21
Result  : 

============================================================
============================================================
Type    : subprocess.Popen
Command : mount | grep sd.* | grep -v cgr | sed 's/\/dev\///g'| sed '2,$d' | awk '{print $1}' | cut -b 1-4
RunTime : 2026-01-13-16-11-21
Result  : 
sda2
============================================================
============================================================
Type     : Json.load
key      : DiskInfo
value    : disk_black_list
Data     : 
============================================================
============================================================
Time      : 2026-01-13-16-11-21Type      : dprint
Text      : <Dong> The server did not find the Raid card!
============================================================
============================================================
Time      : 2026-01-13-16-11-21Type      : dprint
Text      : disk_name : sda
============================================================
============================================================
Time      : 2026-01-13-16-11-21Type      : dprint
Text      : disk_name : sdb
============================================================
============================================================
Time      : 2026-01-13-16-11-21Type      : dprint
Text      : Board_disk : ['sdb']
============================================================
============================================================
Type    : subprocess.Popen
Command : ls /sys/block
RunTime : 2026-01-13-16-11-21
Result  : 
dm-0dm-1sdasdb
============================================================
============================================================
Type    : subprocess.Popen
Command : smartctl -i /dev/sda | grep -i 'inches' 
RunTime : 2026-01-13-16-11-21
Result  : 
Form Factor:      3.5 inches
============================================================
============================================================
Type    : subprocess.Popen
Command : smartctl -a /dev/sda | grep -i Temperature_Celsius | grep Old_age | awk '{print $10}'
RunTime : 2026-01-13-16-11-22
Result  : 
31
============================================================
============================================================
Type    : subprocess.Popen
Command : smartctl -i /dev/sda | grep -i 'device model' 
RunTime : 2026-01-13-16-11-22
Result  : 
Device Model:     ST16000NM000J-2TW103
============================================================
============================================================
Type    : subprocess.Popen
Command : smartctl -i /dev/sda | grep -i 'Serial Number' | awk '{print $3}'
RunTime : 2026-01-13-16-11-22
Result  : 
ZR70LWLX
============================================================
============================================================
Type    : subprocess.Popen
Command : smartctl -i /dev/sda | grep -i 'User Capacity' | grep -oP '\[\K[^]]+'
RunTime : 2026-01-13-16-11-22
Result  : 
16.0 TB
============================================================
============================================================
Type    : subprocess.Popen
Command : smartctl -i /dev/sda | grep -i 'Rotation Rate' | awk '{print $3}'
RunTime : 2026-01-13-16-11-22
Result  : 
7200
============================================================
============================================================
Type    : subprocess.Popen
Command : smartctl -i /dev/sda | grep -i 'firmware version' | awk '{print $3}'
RunTime : 2026-01-13-16-11-22
Result  : 
SN02
============================================================
============================================================
Type    : subprocess.Popen
Command :  smartctl -i /dev/sda | grep -i 'Transport protocol:' | awk '{print $3}' 
RunTime : 2026-01-13-16-11-22
Result  : 

============================================================
============================================================
Type    : subprocess.Popen
Command :  smartctl -i /dev/sda| grep -i 'sata version is:' | awk '{print $6,$7}' 
RunTime : 2026-01-13-16-11-22
Result  : 
6.0 Gb/s
============================================================
============================================================
Type    : subprocess.Popen
Command : ls /sys/block
RunTime : 2026-01-13-16-11-22
Result  : 
dm-0dm-1sdasdb
============================================================
============================================================
Type    : subprocess.Popen
Command : smartctl -i /dev/sdb | grep -i 'inches' 
RunTime : 2026-01-13-16-11-22
Result  : 

============================================================
============================================================
Type    : subprocess.Popen
Command : smartctl -a /dev/sdb | grep -i Temperature_Celsius | grep Old_age | awk '{print $10}'
RunTime : 2026-01-13-16-11-22
Result  : 

============================================================
============================================================
Type    : subprocess.Popen
Command : smartctl -a /dev/sdb | grep -i 'Current Drive Temperature:' | awk '{print $4}' 
RunTime : 2026-01-13-16-11-22
Result  : 

============================================================
============================================================
Type    : subprocess.Popen
Command : smartctl -a /dev/sdb | grep -i Temperature_Celsius | awk '{print $10}'
RunTime : 2026-01-13-16-11-22
Result  : 

============================================================
============================================================
Type    : subprocess.Popen
Command : smartctl -a /dev/sdb | grep -i 'current drive temperature' | awk '{print $4}'
RunTime : 2026-01-13-16-11-22
Result  : 

============================================================
============================================================
Type    : subprocess.Popen
Command : smartctl -i /dev/sdb | grep -i 'device model' 
RunTime : 2026-01-13-16-11-22
Result  : 

============================================================
============================================================
Type    : subprocess.Popen
Command : smartctl -i /dev/sdb | grep -i 'Product:' | awk '{print $2}'
RunTime : 2026-01-13-16-11-22
Result  : 

============================================================
============================================================
Type    : subprocess.Popen
Command : smartctl -i /dev/sdb | grep -i 'Serial Number' | awk '{print $3}'
RunTime : 2026-01-13-16-11-22
Result  : 

============================================================
============================================================
Type    : subprocess.Popen
Command : smartctl -i /dev/sdb | grep -i 'User Capacity' | grep -oP '\[\K[^]]+'
RunTime : 2026-01-13-16-11-22
Result  : 

============================================================
============================================================
Type    : subprocess.Popen
Command : smartctl -i /dev/sdb | grep -i 'Rotation Rate' | awk '{print $3}'
RunTime : 2026-01-13-16-11-22
Result  : 

============================================================
============================================================
Type    : subprocess.Popen
Command : smartctl -i /dev/sdb | grep -i 'firmware version' | awk '{print $3}'
RunTime : 2026-01-13-16-11-22
Result  : 

============================================================
============================================================
Type    : subprocess.Popen
Command : smartctl -i /dev/sdb | grep -i Revision | awk '{print $2}'
RunTime : 2026-01-13-16-11-22
Result  : 

============================================================
============================================================
Type    : subprocess.Popen
Command :  smartctl -i /dev/sda | grep -i 'Transport protocol:' | awk '{print $3}' 
RunTime : 2026-01-13-16-11-22
Result  : 

============================================================
============================================================
Type    : subprocess.Popen
Command :  smartctl -i /dev/sdb| grep -i 'sata version is:' | awk '{print $6,$7}' 
RunTime : 2026-01-13-16-11-22
Result  : 

============================================================
============================================================
Type    : subprocess.run
Command : mv /tmp/natt_sata_info.log /root/natt_log_16-11-21
RunTime : 2026-01-13-16-11-22
============================================================
============================================================
Time     : 2026-01-13-16-11-29Type     : User.Input
Text     : <natt>  Do you want to format Disk? [y/n] : 
Result   : n
============================================================
============================================================
Time      : 2026-01-13-16-11-29Type      : dprint
Text      :  You have chosen not to perform formatting operations!
============================================================
============================================================
Time     : 2026-01-13-16-11-30Type     : User.Input
Text     : <natt>  Do you still want to continue [y/n] : 
Result   : y
============================================================
============================================================
Type    : subprocess.run
Command : cp /opt/natt/config/natt_config.json /root/natt_log_16-11-21/debug/
RunTime : 2026-01-13-16-11-30
============================================================
============================================================
Type    : subprocess.Popen
Command : fio -v
RunTime : 2026-01-13-16-11-30
Result  : 

============================================================
============================================================
Type    : subprocess.Popen
Command : iostat -V
RunTime : 2026-01-13-16-11-30
Result  : 
sysstat version 12.7.5(C) Sebastien Godard (sysstat <at> orange.fr)
============================================================
============================================================
Type    : subprocess.Popen
Command : cat /etc/os-release
RunTime : 2026-01-13-16-11-30
Result  : 
NAME="Kylin Linux Advanced Server"VERSION="V11 (Swan25)"ID="kylin"VERSION_ID="V11"PRETTY_NAME="Kylin Linux Advanced Server V11 (Swan25)"ANSI_COLOR="0;31"
============================================================
============================================================
Type    : subprocess.Popen
Command : uname -a
RunTime : 2026-01-13-16-11-30
Result  : 
Linux localhost.localdomain 6.6.0-32.7.v2505.ky11.aarch64 #1 SMP PREEMPT_DYNAMIC Fri Jul  4 14:46:19 UTC 2025 aarch64 aarch64 aarch64 GNU/Linux
============================================================
============================================================
Type    : subprocess.Popen
Command : cat /proc/cmdline
RunTime : 2026-01-13-16-11-30
Result  : 
BOOT_IMAGE=/vmlinuz-6.6.0-32.7.v2505.ky11.aarch64 root=/dev/mapper/klas-root ro rd.lvm.lv=klas/root rd.lvm.lv=klas/swap cgroup_disable=files apparmor=0 crashkernel=1024M,high smmu.bypassdev=0x1000:0x17 smmu.bypassdev=0x1000:0x15 smmu.bypassdev=0xffe1:0xd200 audit=0 video=efifb:off
============================================================
============================================================
Type     : Json.load
key      : Monitor
value    : scheduler
Data     : 0
============================================================
============================================================
Type     : Json.load
key      : Testmode
value    : sequen_read_numjobs
Data     : 
============================================================
============================================================
Type     : Json.load
key      : Testmode
value    : sequen_read_iodepth
Data     : 
============================================================
============================================================
Type     : Json.load
key      : Testmode
value    : sequen_read_runtime
Data     : 
============================================================
============================================================
Type     : Json.load
key      : Testmode
value    : sequen_read_bs
Data     : 
============================================================
============================================================
Time      : 2026-01-13-16-11-31Type      : dprint
Text      : [+] SATA_sequence_read! waiting 30s runstart! [Ctrl + C] Exit!
============================================================
============================================================
Time      : 2026-01-13-16-11-31Type      : dprint
Text      : [+] Print the execution command below [Ctrl +C] Exit!
============================================================
============================================================
Time      : 2026-01-13-16-11-31Type      : dprint
Text      : Command Show : 
============================================================
============================================================
Type     : Json.load
key      : DiskInfo
value    : seq_sata_bs
Data     : 
============================================================
============================================================
Type     : Json.load
key      : DiskInfo
value    : seq_ssd_bs
Data     : 
============================================================
============================================================
Type    : subprocess.Popen
Command : smartctl -i /dev/sdb | grep -i 'Rotation Rate' | awk '{print $3}'
RunTime : 2026-01-13-16-11-31
Result  : 

============================================================
============================================================
Type     : Json.load
key      : DiskInfo
value    : ramp_time
Data     : 
============================================================
============================================================
Type     : Json.load
key      : Testmode
value    : description
Data     : natt
============================================================
============================================================
Type     : Json.load
key      : Bound_nucleus
value    : sata
Data     : 0
============================================================
[2026-01-13 16:11:31]
nohup  fio --filename=/dev/sdb --description='natt_seqread' --randrepeat=0 --thread --direct=1 --name=myjob --bs=512k --ioengine=libaio --runtime=3600 --time_based  --rw=read --iodepth=32 --ramp_time=30 --numjobs=1 --group_reporting --output=/root/natt_log_16-11-21/sequence_read_512k_sdb.log &
============================================================
Type     : Json.load
key      : debug
value    : fio_print_wait_time
Data     : 
============================================================
============================================================
Type     : Json.load
key      : debug
value    : fio_process_wait_time
Data     : 
============================================================
============================================================
Type     : Json.load
key      : DiskInfo
value    : seq_sata_bs
Data     : 
============================================================
============================================================
Type     : Json.load
key      : DiskInfo
value    : seq_ssd_bs
Data     : 
============================================================
============================================================
Type    : subprocess.Popen
Command : smartctl -i /dev/sdb | grep -i 'Rotation Rate' | awk '{print $3}'
RunTime : 2026-01-13-16-11-35
Result  : 

============================================================
============================================================
Type     : Json.load
key      : DiskInfo
value    : ramp_time
Data     : 
============================================================
============================================================
Type     : Json.load
key      : Testmode
value    : description
Data     : natt
============================================================
============================================================
Type     : Json.load
key      : Bound_nucleus
value    : sata
Data     : 0
============================================================
============================================================
Type    : subprocess.run
Command : nohup  fio --filename=/dev/sdb --description='natt_seqread' --randrepeat=0 --thread --direct=1 --name=myjob --bs=512k --ioengine=libaio --runtime=3600 --time_based  --rw=read --iodepth=32 --ramp_time=30 --numjobs=1 --group_reporting --output=/root/natt_log_16-11-21/sequence_read_512k_sdb.log &
RunTime : 2026-01-13-16-11-35
============================================================
============================================================
Type    : subprocess.Popen
Command : ps -aux | grep 'iostat -g all -xm 1' | grep -v grep | wc -l
RunTime : 2026-01-13-16-11-35
Result  : 
0
============================================================
============================================================
Type    : subprocess.run
Command : iostat -g all -xm 1 3600 >> /root/natt_log_16-11-21/sata-iostat-sata-sequence-read-512k.log & 
RunTime : 2026-01-13-16-11-35
============================================================
============================================================
Type     : Json.load
key      : Monitor
value    : sar_d
Data     : 0
============================================================
============================================================
Type     : Json.load
key      : Monitor
value    : vmstat_w
Data     : 0
============================================================
============================================================
Type     : Json.load
key      : Monitor
value    : mpstat_p_all
Data     : 0
============================================================
============================================================
Type     : Json.load
key      : Monitor
value    : pidstat_d
Data     : 0
============================================================
============================================================
Type     : Json.load
key      : Monitor
value    : dstat
Data     : 0
============================================================
============================================================
Type     : Json.load
key      : Monitor
value    : blktrace
Data     : 0
============================================================
============================================================
Time      : 2026-01-13-16-11-35Type      : dprint
Text      : Running FIO/IOSTAT Process : 
============================================================
============================================================
Type    : subprocess.Popen
Command : ps -aux | grep -iE 'fio|iostat' | grep -v grep
RunTime : 2026-01-13-16-11-35
Result  : 
root      402623  0.0  0.0  20944  1948 pts/4    S+   16:11   0:00 iostat -g all -xm 1 3600
============================================================
============================================================
Time      : 2026-01-13-16-11-35Type      : dprint
Text      : 持续监控fio和iostat进程，不要操作，等待进程结束!
============================================================
============================================================
Time      : 2026-01-13-16-11-35Type      : dprint
Text      : Continuously monitor the fio and iostat processes, do not operate, wait for the process to end!
============================================================
============================================================
Time      : 2026-01-13-16-11-35Type      : dprint
Text      : Time:
============================================================
============================================================
Type     : Json.load
key      : Monitor
value    : numa_info
Data     : 0
============================================================
============================================================
Time      : 2026-01-13-16-11-35Type      : dprint
Text      : 检测到Fio / Iostat进程结束!
============================================================
============================================================
Time      : 2026-01-13-16-11-35Type      : dprint
Text      : Fio/Iostat process end detected!
============================================================
============================================================
Type    : subprocess.run
Command : mv /opt/natt/nohup.out /root/natt_log_16-11-21/nohup.log
RunTime : 2026-01-13-16-11-35
============================================================
============================================================
Type    : subprocess.run
Command : cp /opt/natt/cmd.log /root/natt_log_16-11-21/cmd.log
RunTime : 2026-01-13-16-11-35
============================================================
============================================================
Type    : subprocess.Popen
Command : cat /root/natt_log_16-11-21/result.log
RunTime : 2026-01-13-16-11-35
Result  : 
all                                                                                                                               all                                                                                                                               
============================================================
============================================================
Type     : Json.load
key      : email
value    : enable
Data     : 0
============================================================
============================================================
Type    : subprocess.run
Command : natt -a >> /root/natt_log_16-11-21/natt_disk_info_end.log
RunTime : 2026-01-13-16-11-35
============================================================
============================================================
Type    : subprocess.run
Command : mv /opt/natt/mpstat.txt /root/natt_log_16-11-21/mpstat.txt
RunTime : 2026-01-13-16-11-35
============================================================
============================================================
Time      : 2026-01-13-16-11-35Type      : dprint
Text      : Processing data.....
============================================================
============================================================
Type    : subprocess.Popen
Command : cat /root/natt_log_16-11-21/result.log | awk '{print $1}' 
RunTime : 2026-01-13-16-11-35
Result  : 
allall
============================================================
============================================================
Type    : subprocess.run
Command : rm -rf /root/natt_log_16-11-21/data_files
RunTime : 2026-01-13-16-11-35
============================================================
============================================================
Type    : subprocess.run
Command : mkdir -p /root/natt_log_16-11-21/data_files
RunTime : 2026-01-13-16-11-35
============================================================
============================================================
Type    : subprocess.run
Command : mkdir -p /root/natt_log_16-11-21/data_files/sequence_read
RunTime : 2026-01-13-16-11-35
============================================================
============================================================
Type    : subprocess.run
Command : echo all >> /root/natt_log_16-11-21/data_files/sequence_read/iostat-all-sequence_read.log
RunTime : 2026-01-13-16-11-35
============================================================
============================================================
Type    : subprocess.run
Command : cat /root/natt_log_16-11-21/sata-iostat-sata-sequence-read-512k.log | grep 'all' | awk '{print $3}'>> /root/natt_log_16-11-21/data_files/sequence_read/iostat-all-sequence_read.log
RunTime : 2026-01-13-16-11-35
============================================================
============================================================
Type    : subprocess.run
Command : paste /root/natt_log_16-11-21/data_files/sequence_read/* >> /root/natt_log_16-11-21/data_files/sequence_read/sequence_read.csv
RunTime : 2026-01-13-16-11-35
============================================================
============================================================
Time      : 2026-01-13-16-11-35Type      : dprint
Text      : Processing data Success! Result Folder : /root/natt_log_16-11-21/data_files/
============================================================
============================================================
Type     : Json.load
key      : Monitor
value    : blktrace
Data     : 0
============================================================
============================================================
Type    : subprocess.run
Command : natt -k
RunTime : 2026-01-13-16-11-35
============================================================
============================================================
Type     : Json.load
key      : debug
value    : debug_print
Data     : 0
============================================================
============================================================
Type     : Json.load
key      : debug
value    : debug_print
Data     : 0
============================================================
============================================================
Type     : Json.load
key      : debug
value    : debug_print
Data     : 0
============================================================
============================================================
Type     : Json.load
key      : Bound_nucleus
value    : Bound_nucleus_type_1
Data     : 
============================================================
============================================================
Type     : Json.load
key      : Bound_nucleus
value    : Bound_nucleus_type_2
Data     : 
============================================================
============================================================
Type     : Json.load
key      : Bound_nucleus
value    : Bound_nucleus_type_2
Data     : 
============================================================
============================================================
Type     : Json.load
key      : Bound_nucleus
value    : Bound_nucleus_type_3
Data     : 
============================================================
============================================================
Type     : Json.load
key      : Bound_nucleus
value    : Bound_nucleus_type_1
Data     : 
============================================================
============================================================
Type     : Json.load
key      : Bound_nucleus
value    : Bound_nucleus_type_3
Data     : 
============================================================
============================================================
Type     : Json.load
key      : DiskInfo
value    : nvme_info
Data     : 
============================================================
============================================================
Time      : 2026-01-13-16-12-01Type      : dprint
Text      : Config json File check Success!
============================================================
============================================================
Type     : Json.load
key      : debug
value    : natt_Double_opening
Data     : 0
============================================================
============================================================
Type    : subprocess.Popen
Command : ps -aux | grep -iE "fio|iostat" | grep -v grep | grep filename | wc -l
RunTime : 2026-01-13-16-12-01
Result  : 
0
============================================================
============================================================
Type    : subprocess.Popen
Command : ls /tmp/ | grep natt | wc -l
RunTime : 2026-01-13-16-12-01
Result  : 
0
============================================================
============================================================
Type    : subprocess.Popen
Command : ls /tmp/ | grep natt | wc -l
RunTime : 2026-01-13-16-12-01
Result  : 
0
============================================================
============================================================
Type    : subprocess.Popen
Command : ls -al /opt/natt/cmd.log 2>/dev/null | awk '{{print $5}}'
RunTime : 2026-01-13-16-12-01
Result  : 

============================================================
============================================================
Type    : subprocess.run
Command : echo 3 > /proc/sys/vm/drop_caches
RunTime : 2026-01-13-16-12-01
============================================================
============================================================
Type    : subprocess.run
Command : sync
RunTime : 2026-01-13-16-12-01
============================================================
============================================================
Type     : Json.load
key      : Version
value    : natt_version
Data     : 1.1.3
============================================================
============================================================
Type    : subprocess.Popen
Command : cat /etc/system-release
RunTime : 2026-01-13-16-12-03
Result  : 
Kylin Linux Advanced Server release V11 (Swan25)
============================================================
============================================================
Type    : subprocess.Popen
Command : ipmitool lan print | grep -i 'ip address' | grep -vi source | awk '{{print $4}}'
RunTime : 2026-01-13-16-12-03
Result  : 
192.168.60.148
============================================================
============================================================
Type    : subprocess.Popen
Command : hostname -I
RunTime : 2026-01-13-16-12-03
Result  : 
192.168.60.67 192.168.122.1 2001:db8:1:0:1a9b:a5ff:fe82:5572 
============================================================
============================================================
Time      : 2026-01-13-16-12-03Type      : dprint
Text      : System name            : Kylin Linux Advanced Server release V11 (Swan25)
============================================================
============================================================
Time      : 2026-01-13-16-12-03Type      : dprint
Text      : System version         : Kylin Linux Advanced Server release V11 (Swan25)
============================================================
============================================================
Time      : 2026-01-13-16-12-03Type      : dprint
Text      : System release         : Linux-6.6.0-32.7.v2505.ky11.aarch64-aarch64-with-glibc2.38
============================================================
============================================================
Time      : 2026-01-13-16-12-03Type      : dprint
Text      : System architecture    : aarch64
============================================================
============================================================
Time      : 2026-01-13-16-12-03Type      : dprint
Text      : BMC IP                 : 192.168.60.148
============================================================
============================================================
Time      : 2026-01-13-16-12-03Type      : dprint
Text      : SYS IP                 : 192.168.60.67
============================================================
============================================================
Time      : 2026-01-13-16-12-03Type      : dprint
Text      : =========================================================
============================================================
============================================================
Type     : Json.load
key      : debug
value    : debug_print
Data     : 0
============================================================
============================================================
Type     : Json.load
key      : debug
value    : debug_print
Data     : 0
============================================================
============================================================
Type     : Json.load
key      : debug
value    : debug_print
Data     : 0
============================================================
============================================================
Type     : Json.load
key      : Bound_nucleus
value    : Bound_nucleus_type_1
Data     : 
============================================================
============================================================
Type     : Json.load
key      : Bound_nucleus
value    : Bound_nucleus_type_2
Data     : 
============================================================
============================================================
Type     : Json.load
key      : Bound_nucleus
value    : Bound_nucleus_type_2
Data     : 
============================================================
============================================================
Type     : Json.load
key      : Bound_nucleus
value    : Bound_nucleus_type_3
Data     : 
============================================================
============================================================
Type     : Json.load
key      : Bound_nucleus
value    : Bound_nucleus_type_1
Data     : 
============================================================
============================================================
Type     : Json.load
key      : Bound_nucleus
value    : Bound_nucleus_type_3
Data     : 
============================================================
============================================================
Type     : Json.load
key      : DiskInfo
value    : nvme_info
Data     : 
============================================================
============================================================
Time      : 2026-01-13-16-12-16Type      : dprint
Text      : Config json File check Success!
============================================================
============================================================
Type     : Json.load
key      : debug
value    : natt_Double_opening
Data     : 0
============================================================
============================================================
Type    : subprocess.Popen
Command : ps -aux | grep -iE "fio|iostat" | grep -v grep | grep filename | wc -l
RunTime : 2026-01-13-16-12-16
Result  : 
0
============================================================
============================================================
Type    : subprocess.Popen
Command : ls /tmp/ | grep natt | wc -l
RunTime : 2026-01-13-16-12-16
Result  : 
0
============================================================
============================================================
Type    : subprocess.Popen
Command : ls /tmp/ | grep natt | wc -l
RunTime : 2026-01-13-16-12-16
Result  : 
0
============================================================
============================================================
Type    : subprocess.Popen
Command : ls -al /opt/natt/cmd.log 2>/dev/null | awk '{{print $5}}'
RunTime : 2026-01-13-16-12-16
Result  : 

============================================================
============================================================
Type    : subprocess.run
Command : echo 3 > /proc/sys/vm/drop_caches
RunTime : 2026-01-13-16-12-16
============================================================
============================================================
Type    : subprocess.run
Command : sync
RunTime : 2026-01-13-16-12-16
============================================================
============================================================
Type     : Json.load
key      : Version
value    : natt_version
Data     : 1.1.3
============================================================
============================================================
Type    : subprocess.Popen
Command : cat /etc/system-release
RunTime : 2026-01-13-16-12-16
Result  : 
Kylin Linux Advanced Server release V11 (Swan25)
============================================================
============================================================
Type    : subprocess.Popen
Command : ipmitool lan print | grep -i 'ip address' | grep -vi source | awk '{{print $4}}'
RunTime : 2026-01-13-16-12-16
Result  : 
192.168.60.148
============================================================
============================================================
Type    : subprocess.Popen
Command : hostname -I
RunTime : 2026-01-13-16-12-17
Result  : 
192.168.60.67 192.168.122.1 2001:db8:1:0:1a9b:a5ff:fe82:5572 
============================================================
============================================================
Time      : 2026-01-13-16-12-17Type      : dprint
Text      : System name            : Kylin Linux Advanced Server release V11 (Swan25)
============================================================
============================================================
Time      : 2026-01-13-16-12-17Type      : dprint
Text      : System version         : Kylin Linux Advanced Server release V11 (Swan25)
============================================================
============================================================
Time      : 2026-01-13-16-12-17Type      : dprint
Text      : System release         : Linux-6.6.0-32.7.v2505.ky11.aarch64-aarch64-with-glibc2.38
============================================================
============================================================
Time      : 2026-01-13-16-12-17Type      : dprint
Text      : System architecture    : aarch64
============================================================
============================================================
Time      : 2026-01-13-16-12-17Type      : dprint
Text      : BMC IP                 : 192.168.60.148
============================================================
============================================================
Time      : 2026-01-13-16-12-17Type      : dprint
Text      : SYS IP                 : 192.168.60.67
============================================================
============================================================
Time      : 2026-01-13-16-12-17Type      : dprint
Text      : =========================================================
============================================================
============================================================
Type     : Json.load
key      : debug
value    : debug_print
Data     : 0
============================================================
============================================================
Type     : Json.load
key      : debug
value    : debug_print
Data     : 0
============================================================
============================================================
Type     : Json.load
key      : debug
value    : debug_print
Data     : 0
============================================================
============================================================
Type     : Json.load
key      : Bound_nucleus
value    : Bound_nucleus_type_1
Data     : 
============================================================
============================================================
Type     : Json.load
key      : Bound_nucleus
value    : Bound_nucleus_type_2
Data     : 
============================================================
============================================================
Type     : Json.load
key      : Bound_nucleus
value    : Bound_nucleus_type_2
Data     : 
============================================================
============================================================
Type     : Json.load
key      : Bound_nucleus
value    : Bound_nucleus_type_3
Data     : 
============================================================
============================================================
Type     : Json.load
key      : Bound_nucleus
value    : Bound_nucleus_type_1
Data     : 
============================================================
============================================================
Type     : Json.load
key      : Bound_nucleus
value    : Bound_nucleus_type_3
Data     : 
============================================================
============================================================
Type     : Json.load
key      : DiskInfo
value    : nvme_info
Data     : 
============================================================
============================================================
Time      : 2026-01-13-16-12-47Type      : dprint
Text      : Config json File check Success!
============================================================
============================================================
Type     : Json.load
key      : debug
value    : natt_Double_opening
Data     : 0
============================================================
============================================================
Type    : subprocess.Popen
Command : ps -aux | grep -iE "fio|iostat" | grep -v grep | grep filename | wc -l
RunTime : 2026-01-13-16-12-47
Result  : 
0
============================================================
============================================================
Type    : subprocess.Popen
Command : ls /tmp/ | grep natt | wc -l
RunTime : 2026-01-13-16-12-47
Result  : 
0
============================================================
============================================================
Type    : subprocess.Popen
Command : ls /tmp/ | grep natt | wc -l
RunTime : 2026-01-13-16-12-47
Result  : 
0
============================================================
============================================================
Type    : subprocess.Popen
Command : ls -al /opt/natt/cmd.log 2>/dev/null | awk '{{print $5}}'
RunTime : 2026-01-13-16-12-47
Result  : 

============================================================
============================================================
Type    : subprocess.run
Command : echo 3 > /proc/sys/vm/drop_caches
RunTime : 2026-01-13-16-12-47
============================================================
============================================================
Type    : subprocess.run
Command : sync
RunTime : 2026-01-13-16-12-48
============================================================
============================================================
Type     : Json.load
key      : Version
value    : natt_version
Data     : 1.1.3
============================================================
============================================================
Type    : subprocess.Popen
Command : cat /etc/system-release
RunTime : 2026-01-13-16-12-49
Result  : 
Kylin Linux Advanced Server release V11 (Swan25)
============================================================
============================================================
Type    : subprocess.Popen
Command : ipmitool lan print | grep -i 'ip address' | grep -vi source | awk '{{print $4}}'
RunTime : 2026-01-13-16-12-49
Result  : 
192.168.60.148
============================================================
============================================================
Type    : subprocess.Popen
Command : hostname -I
RunTime : 2026-01-13-16-12-49
Result  : 
192.168.60.67 192.168.122.1 2001:db8:1:0:1a9b:a5ff:fe82:5572 
============================================================
============================================================
Time      : 2026-01-13-16-12-49Type      : dprint
Text      : System name            : Kylin Linux Advanced Server release V11 (Swan25)
============================================================
============================================================
Time      : 2026-01-13-16-12-49Type      : dprint
Text      : System version         : Kylin Linux Advanced Server release V11 (Swan25)
============================================================
============================================================
Time      : 2026-01-13-16-12-49Type      : dprint
Text      : System release         : Linux-6.6.0-32.7.v2505.ky11.aarch64-aarch64-with-glibc2.38
============================================================
============================================================
Time      : 2026-01-13-16-12-49Type      : dprint
Text      : System architecture    : aarch64
============================================================
============================================================
Time      : 2026-01-13-16-12-49Type      : dprint
Text      : BMC IP                 : 192.168.60.148
============================================================
============================================================
Time      : 2026-01-13-16-12-49Type      : dprint
Text      : SYS IP                 : 192.168.60.67
============================================================
============================================================
Time      : 2026-01-13-16-12-49Type      : dprint
Text      : =========================================================
============================================================
