18:9b:a5:83:3e:f1
< sost > Sost has enabled the server information collection service.(swc_cinfo.py)
hardware : CompletedProcess(args=" ipmitool lan print | awk -F': ' '/MAC Address[ ]*:/ {print $2}' ", returncode=0)
Traceback (most recent call last):
  File "/opt/sost/lib/swc_cinfo.py", line 319, in <module>
    data = json.dumps(return_get_data(),indent=4)
  File "/usr/lib64/python3.9/json/__init__.py", line 234, in dumps
    return cls(
  File "/usr/lib64/python3.9/json/encoder.py", line 201, in encode
    chunks = list(chunks)
  File "/usr/lib64/python3.9/json/encoder.py", line 431, in _iterencode
    yield from _iterencode_dict(o, _current_indent_level)
  File "/usr/lib64/python3.9/json/encoder.py", line 405, in _iterencode_dict
    yield from chunks
  File "/usr/lib64/python3.9/json/encoder.py", line 438, in _iterencode
    o = _default(o)
  File "/usr/lib64/python3.9/json/encoder.py", line 179, in default
    raise TypeError(f'Object of type {o.__class__.__name__} '
TypeError: Object of type CompletedProcess is not JSON serializable
18:9b:a5:83:3e:f1
< sost > Sost has enabled the server information collection service.(swc_cinfo.py)
hardware : CompletedProcess(args=" ipmitool lan print | awk -F': ' '/MAC Address[ ]*:/ {print $2}' ", returncode=0)
Traceback (most recent call last):
  File "/opt/sost/lib/swc_cinfo.py", line 319, in <module>
    data = json.dumps(return_get_data(),indent=4)
  File "/usr/lib64/python3.9/json/__init__.py", line 234, in dumps
    return cls(
  File "/usr/lib64/python3.9/json/encoder.py", line 201, in encode
    chunks = list(chunks)
  File "/usr/lib64/python3.9/json/encoder.py", line 431, in _iterencode
    yield from _iterencode_dict(o, _current_indent_level)
  File "/usr/lib64/python3.9/json/encoder.py", line 405, in _iterencode_dict
    yield from chunks
  File "/usr/lib64/python3.9/json/encoder.py", line 438, in _iterencode
    o = _default(o)
  File "/usr/lib64/python3.9/json/encoder.py", line 179, in default
    raise TypeError(f'Object of type {o.__class__.__name__} '
TypeError: Object of type CompletedProcess is not JSON serializable
18:9b:a5:83:3e:f1
< sost > Sost has enabled the server information collection service.(swc_cinfo.py)
hardware : CompletedProcess(args=" ipmitool lan print | awk -F': ' '/MAC Address[ ]*:/ {print $2}' ", returncode=0)
Traceback (most recent call last):
  File "/opt/sost/lib/swc_cinfo.py", line 319, in <module>
    data = json.dumps(return_get_data(),indent=4)
  File "/usr/lib64/python3.9/json/__init__.py", line 234, in dumps
    return cls(
  File "/usr/lib64/python3.9/json/encoder.py", line 201, in encode
    chunks = list(chunks)
  File "/usr/lib64/python3.9/json/encoder.py", line 431, in _iterencode
    yield from _iterencode_dict(o, _current_indent_level)
  File "/usr/lib64/python3.9/json/encoder.py", line 405, in _iterencode_dict
    yield from chunks
  File "/usr/lib64/python3.9/json/encoder.py", line 438, in _iterencode
    o = _default(o)
  File "/usr/lib64/python3.9/json/encoder.py", line 179, in default
    raise TypeError(f'Object of type {o.__class__.__name__} '
TypeError: Object of type CompletedProcess is not JSON serializable
