CPU_TEMP_01      | 52.000     | degrees C  | ok    | na        | na        | na        | 97.000    | 98.000    | 100.000   
CPU_TEMP_02      | 55.000     | degrees C  | ok    | na        | na        | na        | 97.000    | 98.000    | 100.000   
MB_TEMP          | 39.000     | degrees C  | ok    | na        | na        | na        | 60.000    | 61.000    | 62.000    
MB_INPUT_TEMP_01 | 32.000     | degrees C  | ok    | na        | na        | na        | 53.000    | 54.000    | 55.000    
MB_INPUT_TEMP_02 | 31.000     | degrees C  | ok    | na        | na        | na        | 53.000    | 54.000    | 55.000    
PSU_INPUT_TEMP   | 37.000     | degrees C  | ok    | na        | na        | na        | na        | na        | na        
OUTPUT_TEMP_02   | 34.000     | degrees C  | ok    | na        | na        | na        | na        | na        | na        
DIMM_TEMP        | 38.000     | degrees C  | ok    | na        | na        | na        | 85.000    | 86.000    | 87.000    
CPU_Usage        | na         |            | na    | na        | na        | na        | na        | na        | na        
Memory_Usage     | na         |            | na    | na        | na        | na        | na        | na        | na        
P12V_SYS         | 12.100     | Volts      | ok    | 10.100    | 10.500    | 10.800    | 13.200    | 13.500    | 13.600    
P5V_AUX          | 5.000      | Volts      | ok    | 4.100     | 4.300     | 4.700     | 5.300     | 5.500     | 5.700     
P1V8_CPU1_AUX    | 1.830      | Volts      | ok    | 1.240     | 1.260     | 1.710     | 1.950     | 2.080     | 2.100     
P3V3_SYS         | 3.200      | Volts      | ok    | 2.800     | 2.900     | 2.900     | 3.600     | 3.700     | 3.800     
PVCORE0_CPU1     | 0.780      | Volts      | ok    | 0.400     | 0.450     | 0.500     | 1.600     | 1.800     | 2.000     
PVCORE1_CPU1     | 0.780      | Volts      | ok    | 0.400     | 0.450     | 0.500     | 1.600     | 1.800     | 2.000     
PVDDCR_SOC_CPU1  | 0.910      | Volts      | ok    | 0.450     | 0.550     | 0.650     | 1.450     | 1.650     | 1.950     
PVDD11_S3_CPU1   | 1.110      | Volts      | ok    | 0.750     | 0.850     | 0.980     | 1.300     | 1.450     | 1.650     
PVDDIO_CPU2      | 1.110      | Volts      | ok    | 0.600     | 0.700     | 0.800     | 1.350     | 1.500     | 1.800     
PVCORE0_CPU2     | 0.770      | Volts      | ok    | 0.400     | 0.450     | 0.500     | 1.600     | 1.800     | 2.000     
PVCORE1_CPU2     | 0.770      | Volts      | ok    | 0.400     | 0.450     | 0.480     | 1.600     | 1.800     | 2.000     
PVDDCR_SOC_CPU2  | 0.900      | Volts      | ok    | 0.450     | 0.550     | 0.650     | 1.450     | 1.650     | 1.950     
PVDD11_S3_CPU2   | na         | Volts      | ok    | 0.750     | 0.850     | 0.980     | 1.300     | 1.450     | 1.650     
PVDDIO_CPU1      | 1.120      | Volts      | ok    | 0.600     | 0.700     | 0.800     | 1.350     | 1.500     | 1.800     
P1V8_CPU2_AUX    | 1.780      | Volts      | ok    | 1.240     | 1.260     | 1.710     | 1.950     | 2.080     | 2.100     
P3V_BAT          | 3.100      | Volts      | ok    | 2.000     | 2.300     | 2.400     | 3.500     | 3.600     | 3.700     
ChassisPower     | 330.000    | Watts      | ok    | na        | na        | na        | na        | 5412.000  | na        
HDD_Usage        | na         |            | na    | na        | na        | na        | na        | na        | na        
CPU_WATTS_01     | 94.000     | Watts      | ok    | na        | na        | na        | na        | na        | na        
CPU_WATTS_02     | 90.000     | Watts      | ok    | na        | na        | na        | na        | na        | na        
MEM_WATTS        | 5.000      | Watts      | ok    | na        | na        | na        | na        | na        | na        
PSU1_VIN         | na         | Volts      | ok    | na        | na        | na        | na        | na        | na        
PSU1_IIN         | 0.620      | Amps       | ok    | na        | na        | na        | na        | na        | na        
PSU1_PIN         | 154.000    | Watts      | ok    | na        | na        | na        | na        | na        | na        
PSU1_TEMP        | 31.000     | degrees C  | ok    | na        | na        | na        | na        | na        | na        
PSU2_VIN         | 230.000    | Volts      | ok    | na        | na        | na        | na        | na        | na        
PSU2_IIN         | 0.740      | Amps       | ok    | na        | na        | na        | na        | na        | na        
PSU2_PIN         | 165.000    | Watts      | ok    | na        | na        | na        | na        | na        | na        
PSU2_TEMP        | 30.000     | degrees C  | ok    | na        | na        | na        | na        | na        | na        
AMBIENT_TEMP     | 30.000     | degrees C  | ok    | na        | na        | na        | 45.000    | 46.000    | 47.000    
OUTPUT_TEMP_01   | 34.000     | degrees C  | ok    | na        | na        | na        | na        | na        | na        
LEAK_PRESENT     | na         | discrete   | na    | na        | na        | na        | na        | na        | na        
LEAK_STATUS      | na         | discrete   | na    | na        | na        | na        | na        | na        | na        
FAN_SPEED_1A     | 7120.000   | RPM        | ok    | na        | 1440.000  | na        | na        | na        | na        
FAN_SPEED_1B     | 6080.000   | RPM        | ok    | na        | 1440.000  | na        | na        | na        | na        
FAN_SPEED_2A     | na         |            | na    | na        | 1440.000  | na        | na        | na        | na        
FAN_SPEED_2B     | na         |            | na    | na        | 1440.000  | na        | na        | na        | na        
FAN_SPEED_3A     | 6880.000   | RPM        | ok    | na        | 1440.000  | na        | na        | na        | na        
FAN_SPEED_3B     | 5840.000   | RPM        | ok    | na        | 1440.000  | na        | na        | na        | na        
FAN_SPEED_4A     | 6960.000   | RPM        | ok    | na        | 1440.000  | na        | na        | na        | na        
FAN_SPEED_4B     | 6000.000   | RPM        | ok    | na        | 1440.000  | na        | na        | na        | na        
FAN_SPEED_5A     | na         |            | na    | na        | 1440.000  | na        | na        | na        | na        
FAN_SPEED_5B     | na         |            | na    | na        | 1440.000  | na        | na        | na        | na        
FAN_SPEED_6A     | 7040.000   | RPM        | ok    | na        | 1440.000  | na        | na        | na        | na        
FAN_SPEED_6B     | 6160.000   | RPM        | ok    | na        | 1440.000  | na        | na        | na        | na        
PowerUnit        | 0x0        | discrete   | 0x0080| na        | na        | na        | na        | na        | na        
FP_PWR_BTN       | 0x0        | discrete   | 0x0080| na        | na        | na        | na        | na        | na        
CPU_Status_1     | 0x80       | discrete   | 0x8080| na        | na        | na        | na        | na        | na        
CPU_Status_2     | 0x80       | discrete   | 0x8080| na        | na        | na        | na        | na        | na        
ChassisIntrusion | 0x0        | discrete   | 0x0080| na        | na        | na        | na        | na        | na        
SEL_Status       | 0x0        | discrete   | 0x0080| na        | na        | na        | na        | na        | na        
PSU1_Status      | 0x1        | discrete   | 0x0180| na        | na        | na        | na        | na        | na        
PSU2_Status      | 0x1        | discrete   | 0x0180| na        | na        | na        | na        | na        | na        
NMI_Status       | 0x0        | discrete   | 0x0080| na        | na        | na        | na        | na        | na        
CMOSBattery      | 0x4        | discrete   | 0x0480| na        | na        | na        | na        | na        | na        
FAN_Power        | 33.000     | Watts      | ok    | na        | na        | na        | na        | na        | na        
FAN_PRESENT_01   | 0x2        | discrete   | 0x0280| na        | na        | na        | na        | na        | na        
FAN_PRESENT_02   | na         | discrete   | na    | na        | na        | na        | na        | na        | na        
FAN_PRESENT_03   | 0x2        | discrete   | 0x0280| na        | na        | na        | na        | na        | na        
FAN_PRESENT_04   | 0x2        | discrete   | 0x0280| na        | na        | na        | na        | na        | na        
FAN_PRESENT_05   | na         | discrete   | na    | na        | na        | na        | na        | na        | na        
FAN_PRESENT_06   | 0x2        | discrete   | 0x0280| na        | na        | na        | na        | na        | na        
NVME_TEMP_4.0    | na         | degrees C  | na    | na        | na        | na        | 70.000    | 71.000    | 72.000    
GPU_HBMTEMP      | na         | degrees C  | na    | na        | na        | na        | 85.000    | 87.000    | 90.000    
SLOT01-GPU_TEMP  | na         | degrees C  | na    | na        | na        | na        | 85.000    | 87.000    | 90.000    
SLOT02-GPU_TEMP  | na         | degrees C  | na    | na        | na        | na        | 85.000    | 87.000    | 90.000    
SLOT03-GPU_TEMP  | na         | degrees C  | na    | na        | na        | na        | 85.000    | 87.000    | 90.000    
SLOT04-GPU_TEMP  | na         | degrees C  | na    | na        | na        | na        | 85.000    | 87.000    | 90.000    
SLOT05-GPU_TEMP  | na         | degrees C  | na    | na        | na        | na        | 85.000    | 87.000    | 90.000    
SLOT06-GPU_TEMP  | na         | degrees C  | na    | na        | na        | na        | 85.000    | 87.000    | 90.000    
SLOT07-GPU_TEMP  | na         | degrees C  | na    | na        | na        | na        | 85.000    | 87.000    | 90.000    
SLOT08-GPU_TEMP  | na         | degrees C  | na    | na        | na        | na        | 85.000    | 87.000    | 90.000    
SLOT09-GPU_TEMP  | na         | degrees C  | na    | na        | na        | na        | 85.000    | 87.000    | 90.000    
SLOT10-GPU_TEMP  | na         | degrees C  | na    | na        | na        | na        | 85.000    | 87.000    | 90.000    
GPU_MAXTEMP      | na         | degrees C  | na    | na        | na        | na        | 85.000    | 87.000    | 90.000    
BP1_9A_TEMP      | 28.000     | degrees C  | ok    | na        | na        | na        | na        | na        | na        
BP1_9C_TEMP      | 28.000     | degrees C  | ok    | na        | na        | na        | na        | na        | na        
BP1_98_TEMP      | na         | degrees C  | na    | na        | na        | na        | na        | na        | na        
BP2_9A_TEMP      | 28.000     | degrees C  | ok    | na        | na        | na        | na        | na        | na        
BP2_9C_TEMP      | 28.000     | degrees C  | ok    | na        | na        | na        | na        | na        | na        
BP1_90_TEMP      | na         | degrees C  | na    | na        | na        | na        | na        | na        | na        
BP3_9A_TEMP      | na         |            | na    | na        | na        | na        | na        | na        | na        
BP3_9C_TEMP      | na         |            | na    | na        | na        | na        | na        | na        | na        
BP1_EXP_TEMP     | na         |            | na    | na        | na        | na        | na        | na        | na        
MEM_Status_1A1   | 0x40       | discrete   | 0x4080| na        | na        | na        | na        | na        | na        
MEM_Status_1B1   | 0x40       | discrete   | 0x4080| na        | na        | na        | na        | na        | na        
MEM_Status_1C1   | 0x40       | discrete   | 0x4080| na        | na        | na        | na        | na        | na        
MEM_Status_1D1   | na         | discrete   | na    | na        | na        | na        | na        | na        | na        
MEM_Status_1E1   | na         | discrete   | na    | na        | na        | na        | na        | na        | na        
MEM_Status_1F1   | na         | discrete   | na    | na        | na        | na        | na        | na        | na        
MEM_Status_1G1   | na         | discrete   | na    | na        | na        | na        | na        | na        | na        
MEM_Status_1H1   | 0x40       | discrete   | 0x4080| na        | na        | na        | na        | na        | na        
MEM_Status_1I1   | 0x40       | discrete   | 0x4080| na        | na        | na        | na        | na        | na        
MEM_Status_1J1   | 0x40       | discrete   | 0x4080| na        | na        | na        | na        | na        | na        
MEM_Status_1K1   | na         | discrete   | na    | na        | na        | na        | na        | na        | na        
MEM_Status_1L1   | na         | discrete   | na    | na        | na        | na        | na        | na        | na        
MEM_Status_2A1   | 0x40       | discrete   | 0x4080| na        | na        | na        | na        | na        | na        
MEM_Status_2B1   | 0x40       | discrete   | 0x4080| na        | na        | na        | na        | na        | na        
MEM_Status_2C1   | 0x40       | discrete   | 0x4080| na        | na        | na        | na        | na        | na        
MEM_Status_2D1   | na         | discrete   | na    | na        | na        | na        | na        | na        | na        
MEM_Status_2E1   | na         | discrete   | na    | na        | na        | na        | na        | na        | na        
MEM_Status_2F1   | na         | discrete   | na    | na        | na        | na        | na        | na        | na        
MEM_Status_2G1   | 0x40       | discrete   | 0x4080| na        | na        | na        | na        | na        | na        
MEM_Status_2H1   | 0x40       | discrete   | 0x4080| na        | na        | na        | na        | na        | na        
MEM_Status_2I1   | 0x40       | discrete   | 0x4080| na        | na        | na        | na        | na        | na        
MEM_Status_2J1   | na         | discrete   | na    | na        | na        | na        | na        | na        | na        
MEM_Status_2K1   | na         | discrete   | na    | na        | na        | na        | na        | na        | na        
MEM_Status_2L1   | na         | discrete   | na    | na        | na        | na        | na        | na        | na        
BMC_Boot_Up      | 0x2        | discrete   | 0x0280| na        | na        | na        | na        | na        | na        
BIOS_Boot_Up     | 0x2        | discrete   | 0x0280| na        | na        | na        | na        | na        | na        
BP2_98_TEMP      | na         | degrees C  | na    | na        | na        | na        | na        | na        | na        
BP2_90_TEMP      | na         | degrees C  | na    | na        | na        | na        | na        | na        | na        
BP3_98_TEMP      | na         |            | na    | na        | na        | na        | na        | na        | na        
BP3_90_TEMP      | na         |            | na    | na        | na        | na        | na        | na        | na        
RBP1_98_TEMP     | na         |            | na    | na        | na        | na        | na        | na        | na        
RBP1_9C_TEMP     | na         |            | na    | na        | na        | na        | na        | na        | na        
RBP3_90_TEMP     | na         |            | na    | na        | na        | na        | na        | na        | na        
RBP2_9C_TEMP     | na         |            | na    | na        | na        | na        | na        | na        | na        
RBP2_98_TEMP     | na         |            | na    | na        | na        | na        | na        | na        | na        
RBP2_EXP_TEMP    | na         |            | na    | na        | na        | na        | na        | na        | na        
CPU_VR_TEMP_01   | 39.000     | degrees C  | ok    | na        | na        | na        | 100.000   | 101.000   | 102.000   
CPU_VR_TEMP_02   | 40.000     | degrees C  | ok    | na        | na        | na        | 100.000   | 101.000   | 102.000   
RAIDStatus       | na         | discrete   | na    | na        | na        | na        | na        | na        | na        
NVME_TEMP_5.0    | na         | degrees C  | na    | na        | na        | na        | 77.000    | 78.000    | 79.000    
