< sost_20260202-141135_json_get > : type[debug] obj[debug] key[noSendCommand] value[0]
< sost_20260202-141135_json_get > : type[debug] obj[debug] key[SkipUpdate] value[1]
< sost_20260202-141135_json_get > : type[debug] obj[debug] key[debug_flags] value[0]
< sost_20260202-141135_json_get > : type[version] obj[sost] key[Release_Time] value[2026-01-19 15:38:40]
< sost_20260202-141135_json_get > : type[version] obj[sost] key[Version] value[1.1.1]
< sost_20260202-141135_json_get > : type[debug] obj[debug] key[debug_flags] value[0]
< sost_20260202-141135_json_set > : type[sost] obj[Test_tmp] key[swc_flags] old[0] new[0]
< sost_20260202-141135_json_get > : type[sost] obj[Test_Config] key[simple_test_flags] value[]
< sost_20260202-141136_json_get > : type[sost] obj[Multimodal_stability] key[switch] value[0]
< sost_20260202-141139_json_get > : type[debug] obj[debug] key[debug_flags] value[0]
< sost_20260202-141139_json_get > : type[sost] obj[Test_Config] key[Dedicated_lan_num] value[1]
< sost_20260202-141139_json_get > : type[sost] obj[Test_Config] key[Share_lan_num] value[8]
< sost_20260202-141139_json_get > : type[swc] obj[swc] key[swc_server_ip] value[192.168.60.138]
< sost_20260202-141145_json_set > : type[sost] obj[Test_tmp] key[test_bmc_lan] old[] new[3]
< sost_20260202-141145_json_get > : type[sost] obj[BMC_Survival_Config] key[BMC_Username] value[admin]
< sost_20260202-141145_json_get > : type[sost] obj[BMC_Survival_Config] key[BMC_Password] value[ttytty`12]
< sost_20260202-141147_json_set > : type[sost] obj[BMC_Survival_Config] key[BMC_Username] old[admin] new[admin]
< sost_20260202-141147_json_set > : type[sost] obj[BMC_Survival_Config] key[BMC_Password] old[ttytty`12] new[ttytty`12]
< sost_20260202-141147_json_get > : type[swc] obj[swc] key[swc_server_ip] value[192.168.60.138]
< sost_20260202-141147_json_get > : type[swc] obj[swc] key[swc_server_port] value[13251]
< sost_20260202-141147_json_get > : type[sost] obj[Test_Config] key[Result_path] value[/root]
< sost_20260202-141147_json_get > : type[sost] obj[Multimodal_stability] key[switch] value[0]
< sost_20260202-141147_json_set > : type[sost] obj[Test_tmp] key[startT_time] old[] new[2026-02-02-14-11-47]
< sost_20260202-141147_json_set > : type[sost] obj[Test_tmp] key[endT_time] old[] new[]
< sost_20260202-141148_json_set > : type[sost] obj[Test_tmp] key[test_status] old[] new[NA]
< sost_20260202-141148_json_get > : type[sost] obj[Test_Config] key[simple_test_flags] value[]
< sost_20260202-141149_json_get > : type[sost] obj[Test_tmp] key[test_type] value[]
< sost_20260202-141149_json_get > : type[sost] obj[Test_tmp] key[test_count] value[]
< sost_20260202-141149_json_get > : type[sost] obj[Test_tmp] key[test_folder_path] value[]
< sost_20260202-141149_json_set > : type[sost] obj[Test_tmp] key[test_type] old[] new[Bmc_Remote_Reset]
< sost_20260202-141149_json_set > : type[sost] obj[Test_tmp] key[test_count] old[] new[0]
< sost_20260202-141149_json_set > : type[sost] obj[Test_tmp] key[test_folder_path] old[] new[/root/Bmc_Remote_Reset]
< sost_20260202-141149_json_set > : type[sost] obj[Test_tmp] key[run_command] old[] new[curl 'http://192.168.60.138:13251/remote_powerreset?bmc_ip=192.168.60.148&bmc_username=admin&bmc_password=ttytty`12']
< sost_20260202-141150_json_set > : type[sost] obj[Test_tmp] key[Running_flag] old[] new[1]
< sost_20260202-141150_json_set > : type[sost] obj[Test_tmp] key[test_status] old[NA] new[NA]
< sost_20260202-141150_json_get > : type[debug] obj[debug] key[debug_flags] value[0]
< sost_20260202-141150_json_get > : type[sost] obj[Test_tmp] key[test_type] value[Bmc_Remote_Reset]
< sost_20260202-141150_json_get > : type[sost] obj[Test_tmp] key[test_folder_path] value[/root/Bmc_Remote_Reset]
< sost_20260202-141150_json_get > : type[version] obj[sost] key[Version] value[1.1.1]
< sost_20260202-141150_json_get > : type[sost] obj[Test_tmp] key[test_status] value[NA]
< sost_20260202-141150_json_get > : type[sost] obj[Test_tmp] key[test_type] value[Bmc_Remote_Reset]
< sost_20260202-141150_json_get > : type[sost] obj[Test_tmp] key[startT_time] value[2026-02-02-14-11-47]
< sost_20260202-141150_json_set > : type[sost] obj[Test_tmp] key[test_sha256] old[] new[adfccea78be76d4c57b70799a83c99f5e4fd8f5e47ede7dc21a081f335083aec]
< sost_20260202-141151_json_set > : type[sost] obj[Test_tmp] key[test_bmc_ver] old[] new[1.05.00.04.00.00]
< sost_20260202-141151_json_set > : type[sost] obj[Test_tmp] key[test_bios_ver] old[] new[KL42A._RS_.T2DMFT.049R.251225]
< sost_20260202-141151_json_get > : type[sost] obj[Test_Config] key[simple_test_flags] value[]
< sost_20260202-141151_json_set > : type[sost] obj[Test_tmp] key[Running_flag] old[1] new[2]
< sost_20260202-141151_json_get > : type[sost] obj[Test_Config] key[simple_test_flags] value[]
< sost_20260202-141151_json_get > : type[sost] obj[Test_Config] key[frist_sdi_time] value[0]
< sost_20260202-141152_json_get > : type[sost] obj[Test_Config] key[frist_sdi_time] value[0]
< sost_20260202-141152_json_get > : type[sost] obj[Test_Config] key[frist_sdi_time] value[0]
< sost_20260202-141154_json_get > : type[sost] obj[Test_Config] key[frist_sdi_time] value[0]
< sost_20260202-141154_json_get > : type[sost] obj[Test_Config] key[frist_sdi_time] value[0]
< sost_20260202-141155_json_get > : type[sost] obj[Test_Config] key[frist_sdi_time] value[0]
< sost_20260202-141155_json_get > : type[sost] obj[Test_Config] key[frist_sdi_time] value[0]
< sost_20260202-141155_json_get > : type[sost] obj[Test_Config] key[frist_sdi_time] value[0]
< sost_20260202-141156_json_get > : type[sost] obj[Test_Config] key[frist_sdi_time] value[0]
< sost_20260202-141157_json_get > : type[sost] obj[Test_Config] key[frist_sdi_time] value[0]
< sost_20260202-141157_json_get > : type[sost] obj[Test_Config] key[Dedicated_lan_num] value[1]
< sost_20260202-141157_json_get > : type[sost] obj[Test_Config] key[Share_lan_num] value[8]
< sost_20260202-141159_json_get > : type[sost] obj[Test_Config] key[frist_sdi_time] value[0]
< sost_20260202-141201_json_get > : type[sost] obj[Test_Config] key[frist_sdi_time] value[0]
< sost_20260202-141201_json_get > : type[sost] obj[Test_Config] key[frist_sdi_time] value[0]
< sost_20260202-141201_json_get > : type[sost] obj[Test_Config] key[ipmi_sensdr_retry_count] value[0]
< sost_20260202-141201_json_get > : type[sost] obj[BMC_Survival_Config] key[bmc_chip] value[ASPEED-2600]
< sost_20260202-141202_json_get > : type[sost] obj[Test_Config] key[simple_test_flags] value[]
< sost_20260202-141202_json_get > : type[sost] obj[Test_Config] key[frist_sdi_time] value[0]
< sost_20260202-141202_json_get > : type[sost] obj[Test_Config] key[collect_cmd] value[]
< sost_20260202-141202_json_get > : type[sost] obj[BMC_Survival_Config] key[switch] value[]
< sost_20260202-141202_json_get > : type[sost] obj[Test_Config] key[frist_sdi_time] value[0]
< sost_20260202-141202_json_set > : type[sost] obj[Test_tmp] key[Running_flag] old[2] new[2]
< sost_20260202-141203_json_get > : type[sost] obj[Test_Config] key[simple_test_flags] value[]
< sost_20260202-141208_json_get > : type[sost] obj[Test_Config] key[Dedicated_lan_num] value[1]
< sost_20260202-141208_json_get > : type[sost] obj[Test_Config] key[Share_lan_num] value[8]
< sost_20260202-141212_json_get > : type[sost] obj[Test_Config] key[ipmi_sensdr_retry_count] value[0]
< sost_20260202-141212_json_get > : type[sost] obj[BMC_Survival_Config] key[bmc_chip] value[ASPEED-2600]
< sost_20260202-141213_json_get > : type[sost] obj[Test_Config] key[simple_test_flags] value[]
< sost_20260202-141213_json_set > : type[sost] obj[Test_tmp] key[Running_flag] old[2] new[2]
< sost_20260202-141213_json_get > : type[sost] obj[Test_Config] key[simple_test_flags] value[]
< sost_20260202-141213_json_get > : type[sost] obj[Test_Config] key[simple_test_flags] value[]
< sost_20260202-141221_json_get > : type[sost] obj[Test_Config] key[Dedicated_lan_num] value[1]
< sost_20260202-141221_json_get > : type[sost] obj[Test_Config] key[Share_lan_num] value[8]
< sost_20260202-141223_json_get > : type[sost] obj[Test_Config] key[ipmi_sensdr_retry_count] value[0]
< sost_20260202-141232_json_get > : type[sost] obj[Test_Config] key[ipmi_sensdr_retry_count] value[0]
< sost_20260202-141236_json_get > : type[sost] obj[Test_Config] key[ipmi_sensdr_retry_count] value[0]
< sost_20260202-141242_json_get > : type[sost] obj[Test_Config] key[ipmi_sensdr_retry_count] value[0]
< sost_20260202-141242_json_get > : type[sost] obj[BMC_Survival_Config] key[bmc_chip] value[ASPEED-2600]
< sost_20260202-141243_json_get > : type[sost] obj[Test_Config] key[simple_test_flags] value[]
< sost_20260202-141243_json_get > : type[sost] obj[Test_Config] key[collect_cmd] value[]
< sost_20260202-141243_json_get > : type[sost] obj[BMC_Survival_Config] key[switch] value[]
< sost_20260202-141243_json_get > : type[sost] obj[Test_tmp] key[test_folder_path] value[/root/Bmc_Remote_Reset]
< sost_20260202-141243_json_set > : type[sost] obj[Test_tmp] key[test_status] old[NA] new[Pass]
< sost_20260202-141243_json_get > : type[sost] obj[Test_tmp] key[test_count] value[0]
< sost_20260202-141243_json_get > : type[sost] obj[Test_tmp] key[test_type] value[Bmc_Remote_Reset]
< sost_20260202-141244_json_set > : type[sost] obj[Test_tmp] key[Running_flag] old[2] new[3]
< sost_20260202-141244_json_get > : type[sost] obj[Test_Config] key[end_wait_time] value[10]
< sost_20260202-141254_json_get > : type[sost] obj[Test_tmp] key[test_count] value[0]
< sost_20260202-141254_json_get > : type[sost] obj[Test_tmp] key[test_folder_path] value[/root/Bmc_Remote_Reset]
< sost_20260202-141255_json_get > : type[debug] obj[debug] key[noSendCommand] value[0]
< sost_20260202-141255_json_get > : type[sost] obj[Test_tmp] key[run_command] value[curl 'http://192.168.60.138:13251/remote_powerreset?bmc_ip=192.168.60.148&bmc_username=admin&bmc_password=ttytty`12']
< sost_20260202-141255_json_get > : type[sost] obj[Test_Config] key[end_wait_time] value[10]
< sost_20260202-141742_json_get > : type[sost] obj[Test_tmp] key[test_count] value[0]
< sost_20260202-141742_json_get > : type[sost] obj[Test_tmp] key[test_folder_path] value[/root/Bmc_Remote_Reset]
< sost_20260202-141744_json_get > : type[sost] obj[Test_tmp] key[test_count] value[0]
< sost_20260202-141744_json_get > : type[sost] obj[Test_tmp] key[test_folder_path] value[/root/Bmc_Remote_Reset]
< sost_20260202-141744_json_get > : type[sost] obj[Test_tmp] key[running_time_now] value[]
< sost_20260202-141744_json_set > : type[sost] obj[Test_tmp] key[running_time_last] old[] new[]
< sost_20260202-141745_json_set > : type[sost] obj[Test_tmp] key[running_time_now] old[] new[288]
< sost_20260202-141745_json_get > : type[sost] obj[Test_tmp] key[test_type] value[Bmc_Remote_Reset]
< sost_20260202-141745_json_get > : type[debug] obj[debug] key[debug_flags] value[0]
< sost_20260202-141745_json_get > : type[sost] obj[Test_tmp] key[test_type] value[Bmc_Remote_Reset]
< sost_20260202-141745_json_get > : type[sost] obj[Test_Config] key[max_count] value[1]
< sost_20260202-141745_json_get > : type[sost] obj[Test_tmp] key[test_count] value[0]
< sost_20260202-141746_json_get > : type[sost] obj[Multimodal_stability] key[switch] value[0]
< sost_20260202-141746_json_set > : type[sost] obj[Test_Config] key[max_count] old[1] new[0]
< sost_20260202-141746_json_get > : type[sost] obj[Test_tmp] key[Running_flag] value[3]
< sost_20260202-141746_json_set > : type[sost] obj[Test_tmp] key[Running_flag] old[3] new[4]
< sost_20260202-141746_json_set > : type[sost] obj[Test_tmp] key[endT_time] old[] new[2026-02-02-14-17-46]
< sost_20260202-141746_json_set > : type[sost] obj[Multimodal_stability] key[switch] old[0] new[0]
< sost_20260202-141746_json_set > : type[sost] obj[Test_Config] key[simple_test_flags] old[] new[]
< sost_20260202-141747_json_set > : type[sost] obj[Test_Config] key[simple_test_flags] old[] new[]
< sost_20260202-141747_json_get > : type[sost] obj[Test_tmp] key[test_status] value[Pass]
< sost_20260202-141747_json_get > : type[sost] obj[Test_tmp] key[test_status] value[Pass]
< sost_20260202-141747_json_get > : type[sost] obj[Test_tmp] key[test_type] value[Bmc_Remote_Reset]
< sost_20260202-141747_json_get > : type[sost] obj[Test_tmp] key[test_count] value[0]
< sost_20260202-141748_json_get > : type[sost] obj[Test_tmp] key[test_folder_path] value[/root/Bmc_Remote_Reset]
< sost_20260202-141748_json_get > : type[sost] obj[Test_tmp] key[startT_time] value[2026-02-02-14-11-47]
< sost_20260202-141748_json_get > : type[sost] obj[Test_tmp] key[endT_time] value[2026-02-02-14-17-46]
< sost_20260202-141748_json_set > : type[sost] obj[Test_tmp] key[swc_flags] old[0] new[0]
< sost_20260202-141748_json_set > : type[sost] obj[Test_Config] key[max_count] old[0] new[]
< sost_20260202-141749_json_get > : type[sost] obj[Test_tmp] key[test_count] value[0]
< sost_20260202-141749_json_get > : type[sost] obj[Test_tmp] key[test_bmc_ver] value[1.05.00.04.00.00]
< sost_20260202-141749_json_get > : type[sost] obj[Test_tmp] key[test_bios_ver] value[KL42A._RS_.T2DMFT.049R.251225]
< sost_20260202-141749_json_get > : type[sost] obj[Test_tmp] key[test_sha256] value[adfccea78be76d4c57b70799a83c99f5e4fd8f5e47ede7dc21a081f335083aec]
< sost_20260202-141749_json_get > : type[sost] obj[Test_tmp] key[test_type] value[Bmc_Remote_Reset]
< sost_20260202-141749_json_get > : type[sost] obj[Test_tmp] key[test_count] value[0]
< sost_20260202-141749_json_get > : type[sost] obj[Test_tmp] key[test_status] value[Pass]
< sost_20260202-141750_json_get > : type[sost] obj[Test_tmp] key[endT_time] value[2026-02-02-14-17-46]
< sost_20260202-141750_json_get > : type[swc] obj[swc] key[swc_server_ip] value[192.168.60.138]
< sost_20260202-141750_json_get > : type[swc] obj[swc] key[swc_server_port] value[13251]
< sost_20260202-141751_json_get > : type[sost] obj[Test_Config] key[result_html] value[0]
