============================================================
Type     : Json.load
key      : debug
value    : debug_print
Data     : 0
============================================================
============================================================
Type     : Json.load
key      : debug
value    : debug_print
Data     : 0
============================================================
============================================================
Type     : Json.load
key      : debug
value    : debug_print
Data     : 0
============================================================
============================================================
Type     : Json.load
key      : Bound_nucleus
value    : Bound_nucleus_type_1
Data     : 
============================================================
============================================================
Type     : Json.load
key      : Bound_nucleus
value    : Bound_nucleus_type_2
Data     : 
============================================================
============================================================
Type     : Json.load
key      : Bound_nucleus
value    : Bound_nucleus_type_2
Data     : 
============================================================
============================================================
Type     : Json.load
key      : Bound_nucleus
value    : Bound_nucleus_type_3
Data     : 
============================================================
============================================================
Type     : Json.load
key      : Bound_nucleus
value    : Bound_nucleus_type_1
Data     : 
============================================================
============================================================
Type     : Json.load
key      : Bound_nucleus
value    : Bound_nucleus_type_3
Data     : 
============================================================
============================================================
Type     : Json.load
key      : DiskInfo
value    : nvme_info
Data     : 
============================================================
============================================================
Time      : 2026-01-13-16-13-55Type      : dprint
Text      : Config json File check Success!
============================================================
============================================================
Type     : Json.load
key      : debug
value    : natt_Double_opening
Data     : 0
============================================================
============================================================
Type    : subprocess.Popen
Command : ps -aux | grep -iE "fio|iostat" | grep -v grep | grep filename | wc -l
RunTime : 2026-01-13-16-13-55
Result  : 
0
============================================================
============================================================
Type    : subprocess.Popen
Command : ls /tmp/ | grep natt | wc -l
RunTime : 2026-01-13-16-13-55
Result  : 
0
============================================================
============================================================
Type    : subprocess.Popen
Command : ls /tmp/ | grep natt | wc -l
RunTime : 2026-01-13-16-13-55
Result  : 
0
============================================================
============================================================
Type    : subprocess.Popen
Command : ls -al /opt/natt/cmd.log 2>/dev/null | awk '{{print $5}}'
RunTime : 2026-01-13-16-13-55
Result  : 

============================================================
============================================================
Type    : subprocess.run
Command : echo 3 > /proc/sys/vm/drop_caches
RunTime : 2026-01-13-16-13-55
============================================================
============================================================
Type    : subprocess.run
Command : sync
RunTime : 2026-01-13-16-13-55
============================================================
============================================================
Type     : Json.load
key      : Version
value    : natt_version
Data     : 1.1.3
============================================================
============================================================
Type    : subprocess.Popen
Command : cat /etc/system-release
RunTime : 2026-01-13-16-13-56
Result  : 
Kylin Linux Advanced Server release V11 (Swan25)
============================================================
============================================================
Type    : subprocess.Popen
Command : ipmitool lan print | grep -i 'ip address' | grep -vi source | awk '{{print $4}}'
RunTime : 2026-01-13-16-13-56
Result  : 
192.168.60.148
============================================================
============================================================
Type    : subprocess.Popen
Command : hostname -I
RunTime : 2026-01-13-16-13-56
Result  : 
192.168.60.67 192.168.122.1 2001:db8:1:0:1a9b:a5ff:fe82:5572 
============================================================
============================================================
Time      : 2026-01-13-16-13-57Type      : dprint
Text      : System name            : Kylin Linux Advanced Server release V11 (Swan25)
============================================================
============================================================
Time      : 2026-01-13-16-13-57Type      : dprint
Text      : System version         : Kylin Linux Advanced Server release V11 (Swan25)
============================================================
============================================================
Time      : 2026-01-13-16-13-57Type      : dprint
Text      : System release         : Linux-6.6.0-32.7.v2505.ky11.aarch64-aarch64-with-glibc2.38
============================================================
============================================================
Time      : 2026-01-13-16-13-57Type      : dprint
Text      : System architecture    : aarch64
============================================================
============================================================
Time      : 2026-01-13-16-13-57Type      : dprint
Text      : BMC IP                 : 192.168.60.148
============================================================
============================================================
Time      : 2026-01-13-16-13-57Type      : dprint
Text      : SYS IP                 : 192.168.60.67
============================================================
============================================================
Time      : 2026-01-13-16-13-57Type      : dprint
Text      : =========================================================
============================================================
============================================================
Time     : 2026-01-13-16-14-34Type     : User.Input
Text     : <natt> 
Result   : q
============================================================
============================================================
Type    : subprocess.run
Command : natt -k
RunTime : 2026-01-13-16-14-34
============================================================
============================================================
Type     : Json.load
key      : debug
value    : debug_print
Data     : 0
============================================================
============================================================
Type     : Json.load
key      : debug
value    : debug_print
Data     : 0
============================================================
============================================================
Type     : Json.load
key      : debug
value    : debug_print
Data     : 0
============================================================
============================================================
Type     : Json.load
key      : Bound_nucleus
value    : Bound_nucleus_type_1
Data     : 
============================================================
============================================================
Type     : Json.load
key      : Bound_nucleus
value    : Bound_nucleus_type_2
Data     : 
============================================================
============================================================
Type     : Json.load
key      : Bound_nucleus
value    : Bound_nucleus_type_2
Data     : 
============================================================
============================================================
Type     : Json.load
key      : Bound_nucleus
value    : Bound_nucleus_type_3
Data     : 
============================================================
============================================================
Type     : Json.load
key      : Bound_nucleus
value    : Bound_nucleus_type_1
Data     : 
============================================================
============================================================
Type     : Json.load
key      : Bound_nucleus
value    : Bound_nucleus_type_3
Data     : 
============================================================
============================================================
Type     : Json.load
key      : DiskInfo
value    : nvme_info
Data     : 
============================================================
============================================================
Time      : 2026-01-13-16-14-40Type      : dprint
Text      : Config json File check Success!
============================================================
============================================================
Type     : Json.load
key      : debug
value    : natt_Double_opening
Data     : 0
============================================================
============================================================
Type    : subprocess.Popen
Command : ps -aux | grep -iE "fio|iostat" | grep -v grep | grep filename | wc -l
RunTime : 2026-01-13-16-14-40
Result  : 
0
============================================================
============================================================
Type    : subprocess.Popen
Command : ls /tmp/ | grep natt | wc -l
RunTime : 2026-01-13-16-14-40
Result  : 
0
============================================================
============================================================
Type    : subprocess.Popen
Command : ls /tmp/ | grep natt | wc -l
RunTime : 2026-01-13-16-14-40
Result  : 
0
============================================================
============================================================
Type    : subprocess.Popen
Command : ls -al /opt/natt/cmd.log 2>/dev/null | awk '{{print $5}}'
RunTime : 2026-01-13-16-14-40
Result  : 

============================================================
============================================================
Type    : subprocess.run
Command : echo 3 > /proc/sys/vm/drop_caches
RunTime : 2026-01-13-16-14-40
============================================================
============================================================
Type    : subprocess.run
Command : sync
RunTime : 2026-01-13-16-14-40
============================================================
============================================================
Type     : Json.load
key      : Version
value    : natt_version
Data     : 1.1.3
============================================================
============================================================
Type    : subprocess.Popen
Command : cat /etc/system-release
RunTime : 2026-01-13-16-14-41
Result  : 
Kylin Linux Advanced Server release V11 (Swan25)
============================================================
============================================================
Type    : subprocess.Popen
Command : ipmitool lan print | grep -i 'ip address' | grep -vi source | awk '{{print $4}}'
RunTime : 2026-01-13-16-14-41
Result  : 
192.168.60.148
============================================================
============================================================
Type    : subprocess.Popen
Command : hostname -I
RunTime : 2026-01-13-16-14-41
Result  : 
192.168.60.67 192.168.122.1 2001:db8:1:0:1a9b:a5ff:fe82:5572 
============================================================
============================================================
Time      : 2026-01-13-16-14-41Type      : dprint
Text      : System name            : Kylin Linux Advanced Server release V11 (Swan25)
============================================================
============================================================
Time      : 2026-01-13-16-14-41Type      : dprint
Text      : System version         : Kylin Linux Advanced Server release V11 (Swan25)
============================================================
============================================================
Time      : 2026-01-13-16-14-41Type      : dprint
Text      : System release         : Linux-6.6.0-32.7.v2505.ky11.aarch64-aarch64-with-glibc2.38
============================================================
============================================================
Time      : 2026-01-13-16-14-41Type      : dprint
Text      : System architecture    : aarch64
============================================================
============================================================
Time      : 2026-01-13-16-14-41Type      : dprint
Text      : BMC IP                 : 192.168.60.148
============================================================
============================================================
Time      : 2026-01-13-16-14-41Type      : dprint
Text      : SYS IP                 : 192.168.60.67
============================================================
============================================================
Time      : 2026-01-13-16-14-41Type      : dprint
Text      : =========================================================
============================================================
